info: Server is running on port 3000
info: Server is running on port 3000
error: Error during login: Access denied for user 'root'@'172.17.0.1' (using password: NO) {"code":"ER_ACCESS_DENIED_ERROR","errno":1045,"sqlState":"28000","stack":"Error: Access denied for user 'root'@'172.17.0.1' (using password: NO)\n    at Object.createConnection (D:\\New folder\\capin\\CapinAsia_BE-main\\node_modules\\mysql2\\promise.js:253:31)\n    at loginUser (D:\\New folder\\capin\\CapinAsia_BE-main\\src\\controllers\\AuthController.js:16:38)\n    at Layer.handle [as handle_request] (D:\\New folder\\capin\\CapinAsia_BE-main\\node_modules\\express\\lib\\router\\layer.js:95:5)\n    at next (D:\\New folder\\capin\\CapinAsia_BE-main\\node_modules\\express\\lib\\router\\route.js:144:13)\n    at Route.dispatch (D:\\New folder\\capin\\CapinAsia_BE-main\\node_modules\\express\\lib\\router\\route.js:114:3)\n    at Layer.handle [as handle_request] (D:\\New folder\\capin\\CapinAsia_BE-main\\node_modules\\express\\lib\\router\\layer.js:95:5)\n    at D:\\New folder\\capin\\CapinAsia_BE-main\\node_modules\\express\\lib\\router\\index.js:284:15\n    at Function.process_params (D:\\New folder\\capin\\CapinAsia_BE-main\\node_modules\\express\\lib\\router\\index.js:346:12)\n    at next (D:\\New folder\\capin\\CapinAsia_BE-main\\node_modules\\express\\lib\\router\\index.js:280:10)\n    at Function.handle (D:\\New folder\\capin\\CapinAsia_BE-main\\node_modules\\express\\lib\\router\\index.js:175:3)"}
info: Server is running on port 3000
info: Database Connected
info: User Info: {"created_on":"2026-05-20T07:26:36.000Z","id":"1","lastactivity":"2026-05-20T07:26:36.000Z","password":"kaushik123","role":"manager","updated_on":"2026-05-20T07:40:17.000Z"}
info: Database Connected
info: User Info: {"created_on":"2026-05-19T18:30:00.000Z","id":"kaushik","lastactivity":"2026-05-19T18:30:00.000Z","password":"kaushik123","role":"manager","updated_on":"2026-05-19T18:30:00.000Z"}
info: Database Connected
info: User Info: {"created_on":"2026-05-19T18:30:00.000Z","id":"kaushik","lastactivity":"2026-05-19T18:30:00.000Z","password":"kaushik123","role":"manager","updated_on":"2026-05-19T18:30:00.000Z"}
info: Database Connected
info: User Info: {"created_on":"2026-05-19T18:30:00.000Z","id":"kaushik","lastactivity":"2026-05-19T18:30:00.000Z","password":"kaushik123","role":"manager","updated_on":"2026-05-19T18:30:00.000Z"}
info: Database Connected
info: User Info: {"created_on":"2026-05-19T18:30:00.000Z","id":"kaushik","lastactivity":"2026-05-19T18:30:00.000Z","password":"kaushik123","role":"manager","updated_on":"2026-05-19T18:30:00.000Z"}
info: Database Connected
info: User Info: {"created_on":"2026-05-19T18:30:00.000Z","id":"kaushik","lastactivity":"2026-05-19T18:30:00.000Z","password":"kaushik123","role":"manager","updated_on":"2026-05-19T18:30:00.000Z"}
info: Database Connected
info: User Info: {"created_on":"2026-05-19T18:30:00.000Z","id":"kaushik","lastactivity":"2026-05-19T18:30:00.000Z","password":"kaushik123","role":"manager","updated_on":"2026-05-19T18:30:00.000Z"}
info: Database Connected
info: User Info: {"created_on":"2026-05-19T18:30:00.000Z","id":"kaushik","lastactivity":"2026-05-19T18:30:00.000Z","password":"$2b$10$I9DxMOxOLxq1o26ab/l9u.X5SAAl3QgUFSAy0rk3TwEVLQJcgjQ2C","role":"manager","updated_on":"2026-05-21T06:33:03.000Z"}
info: Database Connected
info: User Info: {"created_on":"2026-05-19T18:30:00.000Z","id":"kaushik","lastactivity":"2026-05-21T06:13:16.000Z","password":"$2b$10$I9DxMOxOLxq1o26ab/l9u.X5SAAl3QgUFSAy0rk3TwEVLQJcgjQ2C","role":"manager","updated_on":"2026-05-21T06:33:19.000Z"}
info: Database Connected
info: User Info: {"created_on":"2026-05-19T18:30:00.000Z","id":"kaushik","lastactivity":"2026-05-21T06:13:16.000Z","password":"$2b$10$I9DxMOxOLxq1o26ab/l9u.X5SAAl3QgUFSAy0rk3TwEVLQJcgjQ2C","role":"manager","updated_on":"2026-05-21T06:33:19.000Z"}
info: Database Connected
info: User Info: {"created_on":"2026-05-19T18:30:00.000Z","id":"kaushik","lastactivity":"2026-05-21T06:13:16.000Z","password":"$2b$10$I9DxMOxOLxq1o26ab/l9u.X5SAAl3QgUFSAy0rk3TwEVLQJcgjQ2C","role":"manager","updated_on":"2026-05-21T06:33:19.000Z"}
info: Database Connected
info: User Info: {"created_on":"2026-05-19T18:30:00.000Z","id":"kaushik","lastactivity":"2026-05-21T06:13:16.000Z","password":"$2b$10$I9DxMOxOLxq1o26ab/l9u.X5SAAl3QgUFSAy0rk3TwEVLQJcgjQ2C","role":"manager","updated_on":"2026-05-21T06:33:19.000Z"}
info: Database Connected
info: User Info: {"created_on":"2026-05-19T18:30:00.000Z","id":"kaushik","lastactivity":"2026-05-21T06:13:16.000Z","password":"$2b$10$I9DxMOxOLxq1o26ab/l9u.X5SAAl3QgUFSAy0rk3TwEVLQJcgjQ2C","role":"manager","updated_on":"2026-05-21T06:33:19.000Z"}
error: Error editing task: Task.getTaskById is not a function {"stack":"TypeError: Task.getTaskById is not a function\n    at editTask (D:\\New folder\\capin\\CapinAsia_BE-main\\src\\controllers\\taskController.js:96:39)\n    at Layer.handle [as handle_request] (D:\\New folder\\capin\\CapinAsia_BE-main\\node_modules\\express\\lib\\router\\layer.js:95:5)\n    at next (D:\\New folder\\capin\\CapinAsia_BE-main\\node_modules\\express\\lib\\router\\route.js:144:13)\n    at authMiddleware (D:\\New folder\\capin\\CapinAsia_BE-main\\src\\middleware\\authMiddleware.js:33:5)\n    at Layer.handle [as handle_request] (D:\\New folder\\capin\\CapinAsia_BE-main\\node_modules\\express\\lib\\router\\layer.js:95:5)\n    at next (D:\\New folder\\capin\\CapinAsia_BE-main\\node_modules\\express\\lib\\router\\route.js:144:13)\n    at Route.dispatch (D:\\New folder\\capin\\CapinAsia_BE-main\\node_modules\\express\\lib\\router\\route.js:114:3)\n    at Layer.handle [as handle_request] (D:\\New folder\\capin\\CapinAsia_BE-main\\node_modules\\express\\lib\\router\\layer.js:95:5)\n    at D:\\New folder\\capin\\CapinAsia_BE-main\\node_modules\\express\\lib\\router\\index.js:284:15\n    at param (D:\\New folder\\capin\\CapinAsia_BE-main\\node_modules\\express\\lib\\router\\index.js:365:14)"}
error: Internal Server Error: ENOENT: no such file or directory, open 'D:\New folder\capin\CapinAsia_BE-main\uploads\1779365466610-SNPCR-AfterUAT (1).xlsx' {"code":"ENOENT","errno":-4058,"path":"D:\\New folder\\capin\\CapinAsia_BE-main\\uploads\\1779365466610-SNPCR-AfterUAT (1).xlsx","stack":"Error: ENOENT: no such file or directory, open 'D:\\New folder\\capin\\CapinAsia_BE-main\\uploads\\1779365466610-SNPCR-AfterUAT (1).xlsx'","storageErrors":[],"syscall":"open"}
info: Database Connected
info: User Info: {"created_on":"2026-05-19T18:30:00.000Z","id":"kaushik","lastactivity":"2026-05-21T06:13:16.000Z","password":"$2b$10$I9DxMOxOLxq1o26ab/l9u.X5SAAl3QgUFSAy0rk3TwEVLQJcgjQ2C","role":"manager","updated_on":"2026-05-21T06:33:19.000Z"}
error: Internal Server Error: Unexpected end of form {"stack":"Error: Unexpected end of form\n    at Multipart._final (D:\\New folder\\capin\\CapinAsia_BE-main\\node_modules\\busboy\\lib\\types\\multipart.js:588:17)\n    at prefinish (node:internal/streams/writable:916:14)\n    at finishMaybe (node:internal/streams/writable:930:5)\n    at Writable.end (node:internal/streams/writable:845:5)\n    at IncomingMessage.onend (node:internal/streams/readable:948:10)\n    at Object.onceWrapper (node:events:633:28)\n    at IncomingMessage.emit (node:events:519:28)\n    at endReadableNT (node:internal/streams/readable:1698:12)\n    at process.processTicksAndRejections (node:internal/process/task_queues:90:21)","storageErrors":[]}
info: Server is running on port 3000
info: Database Connected
info: User Info: {"created_on":"2026-05-19T18:30:00.000Z","id":"kaushik","lastactivity":"2026-05-21T06:13:16.000Z","password":"$2b$10$I9DxMOxOLxq1o26ab/l9u.X5SAAl3QgUFSAy0rk3TwEVLQJcgjQ2C","role":"manager","updated_on":"2026-05-21T06:33:19.000Z"}
info: Task with ID 3 updated successfully.
info: Task with ID 3 updated successfully.
info: Database Connected
info: User Info: {"created_on":"2026-05-19T18:30:00.000Z","id":"kaushik","lastactivity":"2026-05-21T06:43:54.000Z","password":"$2b$10$I9DxMOxOLxq1o26ab/l9u.X5SAAl3QgUFSAy0rk3TwEVLQJcgjQ2C","role":"manager","updated_on":"2026-05-21T06:43:57.000Z"}
error: Error creating opening balance: Cannot add or update a child row: a foreign key constraint fails (`capinasiadb`.`openingBalances`, CONSTRAINT `openingBalances_glCodeMaster_FK` FOREIGN KEY (`glcode`) REFERENCES `glCodeMaster` (`code`)) {"code":"ER_NO_REFERENCED_ROW_2","errno":1452,"sql":"INSERT INTO openingBalances (date, amount, glcode, is_debit, clientid, updated_by) VALUES (STR_TO_DATE( ? , \"%m/%d/%Y\" ), ?, ?, ?, ?, ?)","sqlMessage":"Cannot add or update a child row: a foreign key constraint fails (`capinasiadb`.`openingBalances`, CONSTRAINT `openingBalances_glCodeMaster_FK` FOREIGN KEY (`glcode`) REFERENCES `glCodeMaster` (`code`))","sqlState":"23000","stack":"Error: Cannot add or update a child row: a foreign key constraint fails (`capinasiadb`.`openingBalances`, CONSTRAINT `openingBalances_glCodeMaster_FK` FOREIGN KEY (`glcode`) REFERENCES `glCodeMaster` (`code`))\n    at PromiseConnection.execute (D:\\New folder\\capin\\CapinAsia_BE-main\\node_modules\\mysql2\\promise.js:112:22)\n    at Object.createOpeningBalance (D:\\New folder\\capin\\CapinAsia_BE-main\\src\\models\\Openingbalance.js:11:41)\n    at process.processTicksAndRejections (node:internal/process/task_queues:105:5)\n    at async createOpeningBalance (D:\\New folder\\capin\\CapinAsia_BE-main\\src\\controllers\\openingbalanceController.js:37:7)"}
info: Database Connected
info: User Info: {"created_on":"2026-05-19T18:30:00.000Z","id":"kaushik","lastactivity":"2026-05-21T06:43:54.000Z","password":"$2b$10$I9DxMOxOLxq1o26ab/l9u.X5SAAl3QgUFSAy0rk3TwEVLQJcgjQ2C","role":"manager","updated_on":"2026-05-21T06:43:57.000Z"}
info: Server is running on port 3000
info: Server is running on port 3000
info: Database Connected
info: User Info: {"created_on":"2026-05-19T18:30:00.000Z","id":"kaushik","lastactivity":"2026-05-21T06:43:54.000Z","password":"$2b$10$I9DxMOxOLxq1o26ab/l9u.X5SAAl3QgUFSAy0rk3TwEVLQJcgjQ2C","role":"manager","updated_on":"2026-05-21T06:43:57.000Z"}
info: Server is running on port 3000
info: Database Connected
info: User Info: {"created_on":"2026-05-19T18:30:00.000Z","id":"kaushik","lastactivity":"2026-05-21T07:35:41.000Z","password":"$2b$10$I9DxMOxOLxq1o26ab/l9u.X5SAAl3QgUFSAy0rk3TwEVLQJcgjQ2C","role":"manager","updated_on":"2026-05-21T07:35:43.000Z"}
info: Server is running on port 3000
info: Server is running on port 3000
error: Error rolling back transaction: transaction is not defined {"stack":"ReferenceError: transaction is not defined\n    at Object.deleteTransaction (D:\\New folder\\capin\\CapinAsia_BE-main\\src\\models\\Cashbook.js:186:45)\n    at process.processTicksAndRejections (node:internal/process/task_queues:105:5)\n    at async createCashbook (D:\\New folder\\capin\\CapinAsia_BE-main\\src\\controllers\\cashbookController.js:53:11)"}
error: Error creating cashbook: Bind parameters must not contain undefined. To pass SQL NULL specify JS null {"stack":"TypeError: Bind parameters must not contain undefined. To pass SQL NULL specify JS null\n    at D:\\New folder\\capin\\CapinAsia_BE-main\\node_modules\\mysql2\\lib\\connection.js:661:17\n    at Array.forEach (<anonymous>)\n    at Connection.execute (D:\\New folder\\capin\\CapinAsia_BE-main\\node_modules\\mysql2\\lib\\connection.js:653:22)\n    at D:\\New folder\\capin\\CapinAsia_BE-main\\node_modules\\mysql2\\promise.js:121:11\n    at new Promise (<anonymous>)\n    at PromiseConnection.execute (D:\\New folder\\capin\\CapinAsia_BE-main\\node_modules\\mysql2\\promise.js:118:12)\n    at D:\\New folder\\capin\\CapinAsia_BE-main\\src\\models\\Cashbook.js:50:27\n    at Array.map (<anonymous>)\n    at Object.createSubTransactions (D:\\New folder\\capin\\CapinAsia_BE-main\\src\\models\\Cashbook.js:48:54)\n    at process.processTicksAndRejections (node:internal/process/task_queues:105:5)"}
info: Server is running on port 3000
info: Database Connected
info: User Info: {"created_on":"2026-05-19T18:30:00.000Z","id":"rangamani","lastactivity":"2026-05-19T18:30:00.000Z","password":"$2a$12$w4klMP8sp7k24/KntFwE4eTa9sSArHTPF4uhi5moiPrtVgqbom3j.","role":"manager","updated_on":"2026-05-19T18:30:00.000Z"}
info: Database Connected
info: User Info: {"created_on":"2026-05-19T18:30:00.000Z","id":"rangamani","lastactivity":"2026-05-25T03:55:28.000Z","password":"$2a$12$w4klMP8sp7k24/KntFwE4eTa9sSArHTPF4uhi5moiPrtVgqbom3j.","role":"manager","updated_on":"2026-05-25T03:56:41.000Z"}
error: Error creating task: Column 'end_date' cannot be null {"code":"ER_BAD_NULL_ERROR","errno":1048,"sql":"INSERT INTO capinasiadb.tasks(name, description, assigned_by, assigned_to, clientid, start_date, end_date, file_location, `type`, sub_type, custom_fields, status, last_status_updated_by)VALUES(?,?,?,?,?,STR_TO_DATE( ? , \"%m/%d/%Y\" ),STR_TO_DATE( ? , \"%m/%d/%Y\" ),?,?,?,?,?,?);","sqlMessage":"Column 'end_date' cannot be null","sqlState":"23000","stack":"Error: Column 'end_date' cannot be null\n    at PromiseConnection.execute (D:\\New folder\\capin\\CapinAsia_BE-main\\node_modules\\mysql2\\promise.js:112:22)\n    at Object.createTask (D:\\New folder\\capin\\CapinAsia_BE-main\\src\\models\\Task.js:26:41)\n    at process.processTicksAndRejections (node:internal/process/task_queues:105:5)\n    at async createTask (D:\\New folder\\capin\\CapinAsia_BE-main\\src\\controllers\\taskController.js:90:27)"}
error: Error creating task: Column 'end_date' cannot be null {"code":"ER_BAD_NULL_ERROR","errno":1048,"sql":"INSERT INTO capinasiadb.tasks(name, description, assigned_by, assigned_to, clientid, start_date, end_date, file_location, `type`, sub_type, custom_fields, status, last_status_updated_by)VALUES(?,?,?,?,?,STR_TO_DATE( ? , \"%m/%d/%Y\" ),STR_TO_DATE( ? , \"%m/%d/%Y\" ),?,?,?,?,?,?);","sqlMessage":"Column 'end_date' cannot be null","sqlState":"23000","stack":"Error: Column 'end_date' cannot be null\n    at PromiseConnection.execute (D:\\New folder\\capin\\CapinAsia_BE-main\\node_modules\\mysql2\\promise.js:112:22)\n    at Object.createTask (D:\\New folder\\capin\\CapinAsia_BE-main\\src\\models\\Task.js:26:41)\n    at process.processTicksAndRejections (node:internal/process/task_queues:105:5)\n    at async createTask (D:\\New folder\\capin\\CapinAsia_BE-main\\src\\controllers\\taskController.js:90:27)"}
error: Error creating task: Column 'end_date' cannot be null {"code":"ER_BAD_NULL_ERROR","errno":1048,"sql":"INSERT INTO capinasiadb.tasks(name, description, assigned_by, assigned_to, clientid, start_date, end_date, file_location, `type`, sub_type, custom_fields, status, last_status_updated_by)VALUES(?,?,?,?,?,STR_TO_DATE( ? , \"%m/%d/%Y\" ),STR_TO_DATE( ? , \"%m/%d/%Y\" ),?,?,?,?,?,?);","sqlMessage":"Column 'end_date' cannot be null","sqlState":"23000","stack":"Error: Column 'end_date' cannot be null\n    at PromiseConnection.execute (D:\\New folder\\capin\\CapinAsia_BE-main\\node_modules\\mysql2\\promise.js:112:22)\n    at Object.createTask (D:\\New folder\\capin\\CapinAsia_BE-main\\src\\models\\Task.js:26:41)\n    at process.processTicksAndRejections (node:internal/process/task_queues:105:5)\n    at async createTask (D:\\New folder\\capin\\CapinAsia_BE-main\\src\\controllers\\taskController.js:90:27)"}
